<html>
<body>
<pre>
<h1>µVision Build Log</h1>
<h2>Tool Versions:</h2>
IDE-Version: µVision V5.39.0.0
Copyright (C) 2023 ARM Ltd and ARM Germany GmbH. All rights reserved.
License Information: Mehran Ghaffarzadeh, UPCO, LIC=X1E4T-R0N5L-35NTX-H8FGY-9HMES-M88YY
 
Tool Versions:
Toolchain:       MDK-ARM Professional  Version: 5.39.0.0
Toolchain Path:  C:\Keil_v5\ARM\ARMCC\Bin
C Compiler:      Armcc.exe V5.06 update 6 (build 750)
Assembler:       Armasm.exe V5.06 update 6 (build 750)
Linker/Locator:  ArmLink.exe V5.06 update 6 (build 750)
Library Manager: ArmAr.exe V5.06 update 6 (build 750)
Hex Converter:   FromElf.exe V5.06 update 6 (build 750)
CPU DLL:         SARMCM3.DLL V5.39.0.0
Dialog DLL:      DARMCM1.DLL V1.19.6.0
Target DLL:      STLink\ST-LINKIII-KEIL_SWO.dll V3.2.0.0
Dialog DLL:      TARMCM1.DLL V1.14.6.0
 
<h2>Project:</h2>
E:\UP COMPANY\Project\IR_Remote\code\Main\Tx\1.uvprojx
Project File Date:  12/21/2024

<h2>Output:</h2>
*** Using Compiler 'V5.06 update 6 (build 750)', folder: 'C:\Keil_v5\ARM\ARMCC\Bin'
Build target 'Target 1'
assembling startup_stm32g030xx.s...
compiling mb-crc.c...
compiling main.c...
compiling system_stm32g0xx.c...
linking...
Program Size: Code=892 RO-data=736 RW-data=8 ZI-data=1632  
FromELF: creating hex file...
".\Objects\1.axf" - 0 Error(s), 0 Warning(s).

<h2>Software Packages used:</h2>

Package Vendor: ARM
                http://www.keil.com/pack/ARM.CMSIS.5.9.0.pack
                ARM::CMSIS@5.9.0
                CMSIS (Common Microcontroller Software Interface Standard)
   * Component: CORE Version: 5.6.0

Package Vendor: Keil
                https://www.keil.com/pack/Keil.STM32G0xx_DFP.1.5.0.pack
                Keil::STM32G0xx_DFP@1.5.0
                STMicroelectronics STM32G0 Series Device Support
   * Component: Startup Version: 1.4.2

<h2>Collection of Component include folders:</h2>
  ./RTE/_Target_1
  C:/Users/UPCO/AppData/Local/Arm/Packs/ARM/CMSIS/5.9.0/CMSIS/Core/Include
  C:/Users/UPCO/AppData/Local/Arm/Packs/Keil/STM32G0xx_DFP/1.5.0/Drivers/CMSIS/Device/ST/STM32G0xx/Include

<h2>Collection of Component Files used:</h2>

   * Component: ARM::CMSIS:CORE@5.6.0

   * Component: Keil::Device:Startup@1.4.2
      Source file:   MDK/Device/Source/ARM/STM32G0x0_SB_OPT.s
      Source file:   MDK/Device/Source/ARM/STM32G0x0_DB_OPT.s
      Source file:   Drivers/CMSIS/Device/ST/STM32G0xx/Source/Templates/arm/startup_stm32g030xx.s
      Include file:  Drivers/CMSIS/Device/ST/STM32G0xx/Include/stm32g0xx.h
      Source file:   Drivers/CMSIS/Device/ST/STM32G0xx/Source/Templates/system_stm32g0xx.c
Build Time Elapsed:  00:00:04
</pre>
</body>
</html>
